2026-03-16 15:12:13.447 | INFO     | [SYSTEM] ====================================================================================================
2026-03-16 15:12:13.447 | INFO     | [SYSTEM] НОВЫЙ ПЕРИОД ЛОГИРОВАНИЯ: 2026-03-16 15:12:13 - 2026-03-16_12-16
2026-03-16 15:12:13.447 | INFO     | [SYSTEM] ФАЙЛ: robots_2026-03-16_12-16.log
2026-03-16 15:12:13.447 | INFO     | [SYSTEM] ====================================================================================================
2026-03-16 15:21:21.064 | INFO     | [SYSTEM] ====================================================================================================
2026-03-16 15:21:21.064 | INFO     | [SYSTEM] НОВЫЙ ПЕРИОД ЛОГИРОВАНИЯ: 2026-03-16 15:21:21 - 2026-03-16_12-16
2026-03-16 15:21:21.064 | INFO     | [SYSTEM] ФАЙЛ: robots_2026-03-16_12-16.log
2026-03-16 15:21:21.064 | INFO     | [SYSTEM] ====================================================================================================
2026-03-16 15:21:21.344 | INFO     | [SYSTEM] ====================================================================================================
2026-03-16 15:21:21.344 | INFO     | [SYSTEM] НОВЫЙ ПЕРИОД ЛОГИРОВАНИЯ: 2026-03-16 15:21:21 - 2026-03-16_12-16
2026-03-16 15:21:21.344 | INFO     | [SYSTEM] ФАЙЛ: robots_2026-03-16_12-16.log
2026-03-16 15:21:21.344 | INFO     | [SYSTEM] ====================================================================================================
2026-03-16 15:44:45.029 | INFO     | [SYSTEM:BOOT] ====================================================================================================
2026-03-16 15:44:45.029 | INFO     | [SYSTEM:BOOT] НОВЫЙ ПЕРИОД ЛОГИРОВАНИЯ: 2026-03-16 15:44:45
2026-03-16 15:44:45.029 | INFO     | [SYSTEM:BOOT] ====================================================================================================
2026-03-16 15:44:45.073 | INFO     | [SYSTEM] ====================================================================================================
2026-03-16 15:44:45.073 | INFO     | [SYSTEM] НОВЫЙ ПЕРИОД ЛОГИРОВАНИЯ: 2026-03-16 15:44:45 - 2026-03-16_12-16
2026-03-16 15:44:45.073 | INFO     | [SYSTEM] ФАЙЛ: robots_2026-03-16_12-16.log
2026-03-16 15:44:45.073 | INFO     | [SYSTEM] ====================================================================================================
2026-03-16 15:44:45.083 | INFO     | [SYSTEM] ====================================================================================================
2026-03-16 15:44:45.083 | INFO     | [SYSTEM] НОВЫЙ ПЕРИОД ЛОГИРОВАНИЯ: 2026-03-16 15:44:45 - 2026-03-16_12-16
2026-03-16 15:44:45.083 | INFO     | [SYSTEM] ФАЙЛ: robots_2026-03-16_12-16.log
2026-03-16 15:44:45.083 | INFO     | [SYSTEM] ====================================================================================================
2026-03-16 15:44:45.333 | INFO     | [SCHEDULER] 🚀 Запуск главного планировщика
2026-03-16 15:44:45.333 | INFO     | [SCHEDULER] 🔄 Запуск цикла обновления
2026-03-16 15:44:45.438 | INFO     | [scheduler] 🔄 Найдено 1 токенов для обработки
2026-03-16 15:44:45.438 | INFO     | [scheduler] ▶️ Запуск робота v1.0.0
2026-03-16 15:44:45.438 | INFO     | [scheduler]    User ID: 1, Token ID: 15
2026-03-16 15:44:45.503 | INFO     | [scheduler]    Запись в БД: ID 261
2026-03-16 15:44:45.503 | INFO     | [scheduler] 🚀 Начало работы для токена 15
2026-03-16 15:44:45.513 | INFO     | [scheduler] Токен 15: прошло 54.7 мин, интервал 1 мин
2026-03-16 15:44:45.513 | INFO     | [scheduler] 🔌 Подключение к T-Invest API...
2026-03-16 15:44:45.513 | INFO     | [scheduler] 📋 Запрос списка счетов...
2026-03-16 15:44:45.633 | INFO     | [scheduler] 📊 Найдено счетов: 6
2026-03-16 15:44:45.633 | INFO     | [scheduler]   → Счет 2004129678 (Брокерский счёт)
2026-03-16 15:44:46.023 | INFO     | [scheduler]     ✓ Снимок сохранен (ID: 1592)
2026-03-16 15:44:46.023 | INFO     | [scheduler]   → Счет 2294878624 (Pinkin)
2026-03-16 15:44:46.233 | INFO     | [scheduler]     ✓ Снимок сохранен (ID: 1593)
2026-03-16 15:44:46.233 | INFO     | [scheduler]   → Счет 2294881404 (Анти-мейнстрим Aggressive)
2026-03-16 15:44:46.408 | INFO     | [scheduler]     ✓ Снимок сохранен (ID: 1594)
2026-03-16 15:44:46.408 | INFO     | [scheduler]   → Счет 2310550801 (Активное инвестирование)
2026-03-16 15:44:46.715 | INFO     | [scheduler]     ✓ Снимок сохранен (ID: 1595)
2026-03-16 15:44:46.716 | INFO     | [scheduler]   → Счет 2310571252 (Стратегия роста РФ)
2026-03-16 15:44:47.123 | INFO     | [scheduler]     ✓ Снимок сохранен (ID: 1596)
2026-03-16 15:44:47.123 | INFO     | [scheduler]   → Счет 2311961700 (Народная Кубышка)
2026-03-16 15:44:47.303 | INFO     | [scheduler]     ✓ Снимок сохранен (ID: 1597)
2026-03-16 15:44:47.344 | INFO     | [scheduler] ✅ Работа завершена. Обновлено счетов: 6, снимков: 6
2026-03-16 15:44:47.344 | INFO     | [scheduler] ✅ Работа завершена за 1906ms
2026-03-16 15:44:47.344 | INFO     | [scheduler]    status: success
2026-03-16 15:44:47.344 | INFO     | [scheduler]    accounts_found: 6
2026-03-16 15:44:47.344 | INFO     | [scheduler]    portfolios_updated: 6
2026-03-16 15:44:47.344 | INFO     | [scheduler]    snapshots_saved: 6
2026-03-16 15:44:47.344 | INFO     | [scheduler]    refresh_interval_minutes: 1
2026-03-16 15:44:47.360 | INFO     | [scheduler] 📊 Итоги: всего=1, обработано=1, пропущено=0, ошибок=0
2026-03-16 15:44:47.360 | INFO     | [SCHEDULER] ✅ Цикл завершен: {'total': 1, 'processed': 1, 'skipped': 0, 'errors': []}
2026-03-16 15:45:47.373 | INFO     | [SCHEDULER] 🔄 Запуск цикла обновления
2026-03-16 15:45:47.388 | INFO     | [scheduler] 🔄 Найдено 1 токенов для обработки
2026-03-16 15:45:47.388 | INFO     | [scheduler] ▶️ Запуск робота v1.0.0
2026-03-16 15:45:47.388 | INFO     | [scheduler]    User ID: 1, Token ID: 15
2026-03-16 15:45:47.408 | INFO     | [scheduler]    Запись в БД: ID 262
2026-03-16 15:45:47.408 | INFO     | [scheduler] 🚀 Начало работы для токена 15
2026-03-16 15:45:47.423 | INFO     | [scheduler] Токен 15: прошло 1.0 мин, интервал 1 мин
2026-03-16 15:45:47.423 | INFO     | [scheduler] 🔌 Подключение к T-Invest API...
2026-03-16 15:45:47.423 | INFO     | [scheduler] 📋 Запрос списка счетов...
2026-03-16 15:45:47.468 | INFO     | [scheduler] 📊 Найдено счетов: 6
2026-03-16 15:45:47.468 | INFO     | [scheduler]   → Счет 2004129678 (Брокерский счёт)
2026-03-16 15:45:47.653 | INFO     | [scheduler]     ✓ Снимок сохранен (ID: 1598)
2026-03-16 15:45:47.653 | INFO     | [scheduler]   → Счет 2294878624 (Pinkin)
2026-03-16 15:45:47.797 | INFO     | [scheduler]     ✓ Снимок сохранен (ID: 1599)
2026-03-16 15:45:47.797 | INFO     | [scheduler]   → Счет 2294881404 (Анти-мейнстрим Aggressive)
2026-03-16 15:45:47.947 | INFO     | [scheduler]     ✓ Снимок сохранен (ID: 1600)
2026-03-16 15:45:47.947 | INFO     | [scheduler]   → Счет 2310550801 (Активное инвестирование)
2026-03-16 15:45:48.155 | INFO     | [scheduler]     ✓ Снимок сохранен (ID: 1601)
2026-03-16 15:45:48.155 | INFO     | [scheduler]   → Счет 2310571252 (Стратегия роста РФ)
2026-03-16 15:45:48.358 | INFO     | [scheduler]     ✓ Снимок сохранен (ID: 1602)
2026-03-16 15:45:48.358 | INFO     | [scheduler]   → Счет 2311961700 (Народная Кубышка)
2026-03-16 15:45:48.518 | INFO     | [scheduler]     ✓ Снимок сохранен (ID: 1603)
2026-03-16 15:45:48.538 | INFO     | [scheduler] ✅ Работа завершена. Обновлено счетов: 6, снимков: 6
2026-03-16 15:45:48.538 | INFO     | [scheduler] ✅ Работа завершена за 1149ms
2026-03-16 15:45:48.538 | INFO     | [scheduler]    status: success
2026-03-16 15:45:48.538 | INFO     | [scheduler]    accounts_found: 6
2026-03-16 15:45:48.538 | INFO     | [scheduler]    portfolios_updated: 6
2026-03-16 15:45:48.538 | INFO     | [scheduler]    snapshots_saved: 6
2026-03-16 15:45:48.538 | INFO     | [scheduler]    refresh_interval_minutes: 1
2026-03-16 15:45:48.560 | INFO     | [scheduler] 📊 Итоги: всего=1, обработано=1, пропущено=0, ошибок=0
2026-03-16 15:45:48.560 | INFO     | [SCHEDULER] ✅ Цикл завершен: {'total': 1, 'processed': 1, 'skipped': 0, 'errors': []}
2026-03-16 15:46:48.571 | INFO     | [SCHEDULER] 🔄 Запуск цикла обновления
2026-03-16 15:46:48.587 | INFO     | [scheduler] 🔄 Найдено 1 токенов для обработки
2026-03-16 15:46:48.587 | INFO     | [scheduler] ▶️ Запуск робота v1.0.0
2026-03-16 15:46:48.587 | INFO     | [scheduler]    User ID: 1, Token ID: 15
2026-03-16 15:46:48.613 | INFO     | [scheduler]    Запись в БД: ID 263
2026-03-16 15:46:48.613 | INFO     | [scheduler] 🚀 Начало работы для токена 15
2026-03-16 15:46:48.635 | INFO     | [scheduler] Токен 15: прошло 1.0 мин, интервал 1 мин
2026-03-16 15:46:48.635 | INFO     | [scheduler] 🔌 Подключение к T-Invest API...
2026-03-16 15:46:48.635 | INFO     | [scheduler] 📋 Запрос списка счетов...
2026-03-16 15:46:48.678 | INFO     | [scheduler] 📊 Найдено счетов: 6
2026-03-16 15:46:48.678 | INFO     | [scheduler]   → Счет 2004129678 (Брокерский счёт)
2026-03-16 15:46:48.836 | INFO     | [scheduler]     ✓ Снимок сохранен (ID: 1604)
2026-03-16 15:46:48.836 | INFO     | [scheduler]   → Счет 2294878624 (Pinkin)
2026-03-16 15:46:49.003 | INFO     | [scheduler]     ✓ Снимок сохранен (ID: 1605)
2026-03-16 15:46:49.003 | INFO     | [scheduler]   → Счет 2294881404 (Анти-мейнстрим Aggressive)
2026-03-16 15:46:49.143 | INFO     | [scheduler]     ✓ Снимок сохранен (ID: 1606)
2026-03-16 15:46:49.143 | INFO     | [scheduler]   → Счет 2310550801 (Активное инвестирование)
2026-03-16 15:46:49.345 | INFO     | [scheduler]     ✓ Снимок сохранен (ID: 1607)
2026-03-16 15:46:49.345 | INFO     | [scheduler]   → Счет 2310571252 (Стратегия роста РФ)
2026-03-16 15:46:49.523 | INFO     | [scheduler]     ✓ Снимок сохранен (ID: 1608)
2026-03-16 15:46:49.523 | INFO     | [scheduler]   → Счет 2311961700 (Народная Кубышка)
2026-03-16 15:46:49.686 | INFO     | [scheduler]     ✓ Снимок сохранен (ID: 1609)
2026-03-16 15:46:49.708 | INFO     | [scheduler] ✅ Работа завершена. Обновлено счетов: 6, снимков: 6
2026-03-16 15:46:49.708 | INFO     | [scheduler] ✅ Работа завершена за 1121ms
2026-03-16 15:46:49.708 | INFO     | [scheduler]    status: success
2026-03-16 15:46:49.708 | INFO     | [scheduler]    accounts_found: 6
2026-03-16 15:46:49.708 | INFO     | [scheduler]    portfolios_updated: 6
2026-03-16 15:46:49.708 | INFO     | [scheduler]    snapshots_saved: 6
2026-03-16 15:46:49.708 | INFO     | [scheduler]    refresh_interval_minutes: 1
2026-03-16 15:46:49.727 | INFO     | [scheduler] 📊 Итоги: всего=1, обработано=1, пропущено=0, ошибок=0
2026-03-16 15:46:49.727 | INFO     | [SCHEDULER] ✅ Цикл завершен: {'total': 1, 'processed': 1, 'skipped': 0, 'errors': []}
2026-03-16 15:47:49.728 | INFO     | [SCHEDULER] 🔄 Запуск цикла обновления
2026-03-16 15:47:49.745 | INFO     | [scheduler] 🔄 Найдено 1 токенов для обработки
2026-03-16 15:47:49.745 | INFO     | [scheduler] ▶️ Запуск робота v1.0.0
2026-03-16 15:47:49.745 | INFO     | [scheduler]    User ID: 1, Token ID: 15
2026-03-16 15:47:49.768 | INFO     | [scheduler]    Запись в БД: ID 264
2026-03-16 15:47:49.768 | INFO     | [scheduler] 🚀 Начало работы для токена 15
2026-03-16 15:47:49.783 | INFO     | [scheduler] Токен 15: прошло 1.0 мин, интервал 1 мин
2026-03-16 15:47:49.783 | INFO     | [scheduler] 🔌 Подключение к T-Invest API...
2026-03-16 15:47:49.783 | INFO     | [scheduler] 📋 Запрос списка счетов...
2026-03-16 15:47:49.827 | INFO     | [scheduler] 📊 Найдено счетов: 6
2026-03-16 15:47:49.827 | INFO     | [scheduler]   → Счет 2004129678 (Брокерский счёт)
2026-03-16 15:47:49.983 | INFO     | [scheduler]     ✓ Снимок сохранен (ID: 1610)
2026-03-16 15:47:49.983 | INFO     | [scheduler]   → Счет 2294878624 (Pinkin)
2026-03-16 15:47:50.190 | INFO     | [scheduler]     ✓ Снимок сохранен (ID: 1611)
2026-03-16 15:47:50.190 | INFO     | [scheduler]   → Счет 2294881404 (Анти-мейнстрим Aggressive)
2026-03-16 15:47:50.343 | INFO     | [scheduler]     ✓ Снимок сохранен (ID: 1612)
2026-03-16 15:47:50.343 | INFO     | [scheduler]   → Счет 2310550801 (Активное инвестирование)
2026-03-16 15:47:50.548 | INFO     | [scheduler]     ✓ Снимок сохранен (ID: 1613)
2026-03-16 15:47:50.548 | INFO     | [scheduler]   → Счет 2310571252 (Стратегия роста РФ)
2026-03-16 15:47:50.717 | INFO     | [scheduler]     ✓ Снимок сохранен (ID: 1614)
2026-03-16 15:47:50.717 | INFO     | [scheduler]   → Счет 2311961700 (Народная Кубышка)
2026-03-16 15:47:50.883 | INFO     | [scheduler]     ✓ Снимок сохранен (ID: 1615)
2026-03-16 15:47:50.898 | INFO     | [scheduler] ✅ Работа завершена. Обновлено счетов: 6, снимков: 6
2026-03-16 15:47:50.898 | INFO     | [scheduler] ✅ Работа завершена за 1153ms
2026-03-16 15:47:50.898 | INFO     | [scheduler]    status: success
2026-03-16 15:47:50.898 | INFO     | [scheduler]    accounts_found: 6
2026-03-16 15:47:50.898 | INFO     | [scheduler]    portfolios_updated: 6
2026-03-16 15:47:50.898 | INFO     | [scheduler]    snapshots_saved: 6
2026-03-16 15:47:50.898 | INFO     | [scheduler]    refresh_interval_minutes: 1
2026-03-16 15:47:50.918 | INFO     | [scheduler] 📊 Итоги: всего=1, обработано=1, пропущено=0, ошибок=0
2026-03-16 15:47:50.918 | INFO     | [SCHEDULER] ✅ Цикл завершен: {'total': 1, 'processed': 1, 'skipped': 0, 'errors': []}
2026-03-16 15:48:50.930 | INFO     | [SCHEDULER] 🔄 Запуск цикла обновления
2026-03-16 15:48:50.943 | INFO     | [scheduler] 🔄 Найдено 1 токенов для обработки
2026-03-16 15:48:50.943 | INFO     | [scheduler] ▶️ Запуск робота v1.0.0
2026-03-16 15:48:50.943 | INFO     | [scheduler]    User ID: 1, Token ID: 15
2026-03-16 15:48:50.963 | INFO     | [scheduler]    Запись в БД: ID 265
2026-03-16 15:48:50.963 | INFO     | [scheduler] 🚀 Начало работы для токена 15
2026-03-16 15:48:50.973 | INFO     | [scheduler] Токен 15: прошло 1.0 мин, интервал 1 мин
2026-03-16 15:48:50.973 | INFO     | [scheduler] 🔌 Подключение к T-Invest API...
2026-03-16 15:48:50.973 | INFO     | [scheduler] 📋 Запрос списка счетов...
2026-03-16 15:48:51.010 | INFO     | [scheduler] 📊 Найдено счетов: 6
2026-03-16 15:48:51.010 | INFO     | [scheduler]   → Счет 2004129678 (Брокерский счёт)
2026-03-16 15:48:51.153 | INFO     | [scheduler]     ✓ Снимок сохранен (ID: 1616)
2026-03-16 15:48:51.153 | INFO     | [scheduler]   → Счет 2294878624 (Pinkin)
2026-03-16 15:48:51.318 | INFO     | [scheduler]     ✓ Снимок сохранен (ID: 1617)
2026-03-16 15:48:51.318 | INFO     | [scheduler]   → Счет 2294881404 (Анти-мейнстрим Aggressive)
2026-03-16 15:48:51.453 | INFO     | [scheduler]     ✓ Снимок сохранен (ID: 1618)
2026-03-16 15:48:51.453 | INFO     | [scheduler]   → Счет 2310550801 (Активное инвестирование)
2026-03-16 15:48:51.658 | INFO     | [scheduler]     ✓ Снимок сохранен (ID: 1619)
2026-03-16 15:48:51.658 | INFO     | [scheduler]   → Счет 2310571252 (Стратегия роста РФ)
2026-03-16 15:48:51.833 | INFO     | [scheduler]     ✓ Снимок сохранен (ID: 1620)
2026-03-16 15:48:51.835 | INFO     | [scheduler]   → Счет 2311961700 (Народная Кубышка)
2026-03-16 15:48:52.024 | INFO     | [scheduler]     ✓ Снимок сохранен (ID: 1621)
2026-03-16 15:48:52.033 | INFO     | [scheduler] ✅ Работа завершена. Обновлено счетов: 6, снимков: 6
2026-03-16 15:48:52.033 | INFO     | [scheduler] ✅ Работа завершена за 1090ms
2026-03-16 15:48:52.033 | INFO     | [scheduler]    status: success
2026-03-16 15:48:52.033 | INFO     | [scheduler]    accounts_found: 6
2026-03-16 15:48:52.033 | INFO     | [scheduler]    portfolios_updated: 6
2026-03-16 15:48:52.033 | INFO     | [scheduler]    snapshots_saved: 6
2026-03-16 15:48:52.033 | INFO     | [scheduler]    refresh_interval_minutes: 1
2026-03-16 15:48:52.061 | INFO     | [scheduler] 📊 Итоги: всего=1, обработано=1, пропущено=0, ошибок=0
2026-03-16 15:48:52.061 | INFO     | [SCHEDULER] ✅ Цикл завершен: {'total': 1, 'processed': 1, 'skipped': 0, 'errors': []}
2026-03-16 15:49:52.060 | INFO     | [SCHEDULER] 🔄 Запуск цикла обновления
2026-03-16 15:49:52.075 | INFO     | [scheduler] 🔄 Найдено 1 токенов для обработки
2026-03-16 15:49:52.075 | INFO     | [scheduler] ▶️ Запуск робота v1.0.0
2026-03-16 15:49:52.075 | INFO     | [scheduler]    User ID: 1, Token ID: 15
2026-03-16 15:49:52.093 | INFO     | [scheduler]    Запись в БД: ID 266
2026-03-16 15:49:52.093 | INFO     | [scheduler] 🚀 Начало работы для токена 15
2026-03-16 15:49:52.111 | INFO     | [scheduler] Токен 15: прошло 1.0 мин, интервал 1 мин
2026-03-16 15:49:52.111 | INFO     | [scheduler] 🔌 Подключение к T-Invest API...
2026-03-16 15:49:52.111 | INFO     | [scheduler] 📋 Запрос списка счетов...
2026-03-16 15:49:52.150 | INFO     | [scheduler] 📊 Найдено счетов: 6
2026-03-16 15:49:52.151 | INFO     | [scheduler]   → Счет 2004129678 (Брокерский счёт)
2026-03-16 15:49:52.293 | INFO     | [scheduler]     ✓ Снимок сохранен (ID: 1622)
2026-03-16 15:49:52.293 | INFO     | [scheduler]   → Счет 2294878624 (Pinkin)
2026-03-16 15:49:52.488 | INFO     | [scheduler]     ✓ Снимок сохранен (ID: 1623)
2026-03-16 15:49:52.488 | INFO     | [scheduler]   → Счет 2294881404 (Анти-мейнстрим Aggressive)
2026-03-16 15:49:52.625 | INFO     | [scheduler]     ✓ Снимок сохранен (ID: 1624)
2026-03-16 15:49:52.625 | INFO     | [scheduler]   → Счет 2310550801 (Активное инвестирование)
2026-03-16 15:49:52.909 | INFO     | [scheduler]     ✓ Снимок сохранен (ID: 1625)
2026-03-16 15:49:52.909 | INFO     | [scheduler]   → Счет 2310571252 (Стратегия роста РФ)
2026-03-16 15:49:53.099 | INFO     | [scheduler]     ✓ Снимок сохранен (ID: 1626)
2026-03-16 15:49:53.100 | INFO     | [scheduler]   → Счет 2311961700 (Народная Кубышка)
2026-03-16 15:49:53.276 | INFO     | [scheduler]     ✓ Снимок сохранен (ID: 1627)
2026-03-16 15:49:53.298 | INFO     | [scheduler] ✅ Работа завершена. Обновлено счетов: 6, снимков: 6
2026-03-16 15:49:53.298 | INFO     | [scheduler] ✅ Работа завершена за 1223ms
2026-03-16 15:49:53.298 | INFO     | [scheduler]    status: success
2026-03-16 15:49:53.298 | INFO     | [scheduler]    accounts_found: 6
2026-03-16 15:49:53.298 | INFO     | [scheduler]    portfolios_updated: 6
2026-03-16 15:49:53.298 | INFO     | [scheduler]    snapshots_saved: 6
2026-03-16 15:49:53.298 | INFO     | [scheduler]    refresh_interval_minutes: 1
2026-03-16 15:49:53.318 | INFO     | [scheduler] 📊 Итоги: всего=1, обработано=1, пропущено=0, ошибок=0
2026-03-16 15:49:53.318 | INFO     | [SCHEDULER] ✅ Цикл завершен: {'total': 1, 'processed': 1, 'skipped': 0, 'errors': []}
2026-03-16 15:50:53.328 | INFO     | [SCHEDULER] 🔄 Запуск цикла обновления
2026-03-16 15:50:53.344 | INFO     | [scheduler] 🔄 Найдено 1 токенов для обработки
2026-03-16 15:50:53.344 | INFO     | [scheduler] ▶️ Запуск робота v1.0.0
2026-03-16 15:50:53.344 | INFO     | [scheduler]    User ID: 1, Token ID: 15
2026-03-16 15:50:53.400 | INFO     | [scheduler]    Запись в БД: ID 267
2026-03-16 15:50:53.400 | INFO     | [scheduler] 🚀 Начало работы для токена 15
2026-03-16 15:50:53.414 | INFO     | [scheduler] Токен 15: прошло 1.0 мин, интервал 1 мин
2026-03-16 15:50:53.414 | INFO     | [scheduler] 🔌 Подключение к T-Invest API...
2026-03-16 15:50:53.414 | INFO     | [scheduler] 📋 Запрос списка счетов...
2026-03-16 15:50:53.508 | INFO     | [scheduler] 📊 Найдено счетов: 6
2026-03-16 15:50:53.508 | INFO     | [scheduler]   → Счет 2004129678 (Брокерский счёт)
2026-03-16 15:50:53.693 | INFO     | [scheduler]     ✓ Снимок сохранен (ID: 1628)
2026-03-16 15:50:53.693 | INFO     | [scheduler]   → Счет 2294878624 (Pinkin)
2026-03-16 15:50:53.969 | INFO     | [scheduler]     ✓ Снимок сохранен (ID: 1629)
2026-03-16 15:50:53.969 | INFO     | [scheduler]   → Счет 2294881404 (Анти-мейнстрим Aggressive)
2026-03-16 15:50:54.287 | INFO     | [scheduler]     ✓ Снимок сохранен (ID: 1630)
2026-03-16 15:50:54.287 | INFO     | [scheduler]   → Счет 2310550801 (Активное инвестирование)
2026-03-16 15:50:54.656 | INFO     | [scheduler]     ✓ Снимок сохранен (ID: 1631)
2026-03-16 15:50:54.656 | INFO     | [scheduler]   → Счет 2310571252 (Стратегия роста РФ)
2026-03-16 15:50:54.993 | INFO     | [scheduler]     ✓ Снимок сохранен (ID: 1632)
2026-03-16 15:50:54.993 | INFO     | [scheduler]   → Счет 2311961700 (Народная Кубышка)
2026-03-16 15:50:55.166 | INFO     | [scheduler]     ✓ Снимок сохранен (ID: 1633)
2026-03-16 15:50:55.190 | INFO     | [scheduler] ✅ Работа завершена. Обновлено счетов: 6, снимков: 6
2026-03-16 15:50:55.190 | INFO     | [scheduler] ✅ Работа завершена за 1846ms
2026-03-16 15:50:55.190 | INFO     | [scheduler]    status: success
2026-03-16 15:50:55.190 | INFO     | [scheduler]    accounts_found: 6
2026-03-16 15:50:55.190 | INFO     | [scheduler]    portfolios_updated: 6
2026-03-16 15:50:55.190 | INFO     | [scheduler]    snapshots_saved: 6
2026-03-16 15:50:55.190 | INFO     | [scheduler]    refresh_interval_minutes: 1
2026-03-16 15:50:55.206 | INFO     | [scheduler] 📊 Итоги: всего=1, обработано=1, пропущено=0, ошибок=0
2026-03-16 15:50:55.206 | INFO     | [SCHEDULER] ✅ Цикл завершен: {'total': 1, 'processed': 1, 'skipped': 0, 'errors': []}
2026-03-16 15:51:55.206 | INFO     | [SCHEDULER] 🔄 Запуск цикла обновления
2026-03-16 15:51:55.228 | INFO     | [scheduler] 🔄 Найдено 1 токенов для обработки
2026-03-16 15:51:55.228 | INFO     | [scheduler] ▶️ Запуск робота v1.0.0
2026-03-16 15:51:55.228 | INFO     | [scheduler]    User ID: 1, Token ID: 15
2026-03-16 15:51:55.244 | INFO     | [scheduler]    Запись в БД: ID 268
2026-03-16 15:51:55.244 | INFO     | [scheduler] 🚀 Начало работы для токена 15
2026-03-16 15:51:55.260 | INFO     | [scheduler] Токен 15: прошло 1.0 мин, интервал 1 мин
2026-03-16 15:51:55.260 | INFO     | [scheduler] 🔌 Подключение к T-Invest API...
2026-03-16 15:51:55.260 | INFO     | [scheduler] 📋 Запрос списка счетов...
2026-03-16 15:51:55.303 | INFO     | [scheduler] 📊 Найдено счетов: 6
2026-03-16 15:51:55.303 | INFO     | [scheduler]   → Счет 2004129678 (Брокерский счёт)
2026-03-16 15:51:55.466 | INFO     | [scheduler]     ✓ Снимок сохранен (ID: 1634)
2026-03-16 15:51:55.466 | INFO     | [scheduler]   → Счет 2294878624 (Pinkin)
2026-03-16 15:51:55.603 | INFO     | [scheduler]     ✓ Снимок сохранен (ID: 1635)
2026-03-16 15:51:55.603 | INFO     | [scheduler]   → Счет 2294881404 (Анти-мейнстрим Aggressive)
2026-03-16 15:51:55.743 | INFO     | [scheduler]     ✓ Снимок сохранен (ID: 1636)
2026-03-16 15:51:55.743 | INFO     | [scheduler]   → Счет 2310550801 (Активное инвестирование)
2026-03-16 15:51:55.960 | INFO     | [scheduler]     ✓ Снимок сохранен (ID: 1637)
2026-03-16 15:51:55.960 | INFO     | [scheduler]   → Счет 2310571252 (Стратегия роста РФ)
2026-03-16 15:51:56.127 | INFO     | [scheduler]     ✓ Снимок сохранен (ID: 1638)
2026-03-16 15:51:56.127 | INFO     | [scheduler]   → Счет 2311961700 (Народная Кубышка)
2026-03-16 15:51:56.266 | INFO     | [scheduler]     ✓ Снимок сохранен (ID: 1639)
2026-03-16 15:51:56.288 | INFO     | [scheduler] ✅ Работа завершена. Обновлено счетов: 6, снимков: 6
2026-03-16 15:51:56.290 | INFO     | [scheduler] ✅ Работа завершена за 1061ms
2026-03-16 15:51:56.290 | INFO     | [scheduler]    status: success
2026-03-16 15:51:56.290 | INFO     | [scheduler]    accounts_found: 6
2026-03-16 15:51:56.290 | INFO     | [scheduler]    portfolios_updated: 6
2026-03-16 15:51:56.290 | INFO     | [scheduler]    snapshots_saved: 6
2026-03-16 15:51:56.290 | INFO     | [scheduler]    refresh_interval_minutes: 1
2026-03-16 15:51:56.308 | INFO     | [scheduler] 📊 Итоги: всего=1, обработано=1, пропущено=0, ошибок=0
2026-03-16 15:51:56.308 | INFO     | [SCHEDULER] ✅ Цикл завершен: {'total': 1, 'processed': 1, 'skipped': 0, 'errors': []}
2026-03-16 15:52:56.307 | INFO     | [SCHEDULER] 🔄 Запуск цикла обновления
2026-03-16 15:52:56.316 | INFO     | [scheduler] 🔄 Найдено 1 токенов для обработки
2026-03-16 15:52:56.316 | INFO     | [scheduler] ▶️ Запуск робота v1.0.0
2026-03-16 15:52:56.316 | INFO     | [scheduler]    User ID: 1, Token ID: 15
2026-03-16 15:52:56.339 | INFO     | [scheduler]    Запись в БД: ID 269
2026-03-16 15:52:56.339 | INFO     | [scheduler] 🚀 Начало работы для токена 15
2026-03-16 15:52:56.350 | INFO     | [scheduler] Токен 15: прошло 1.0 мин, интервал 1 мин
2026-03-16 15:52:56.350 | INFO     | [scheduler] 🔌 Подключение к T-Invest API...
2026-03-16 15:52:56.353 | INFO     | [scheduler] 📋 Запрос списка счетов...
2026-03-16 15:52:56.385 | INFO     | [scheduler] 📊 Найдено счетов: 6
2026-03-16 15:52:56.385 | INFO     | [scheduler]   → Счет 2004129678 (Брокерский счёт)
2026-03-16 15:52:56.527 | INFO     | [scheduler]     ✓ Снимок сохранен (ID: 1640)
2026-03-16 15:52:56.527 | INFO     | [scheduler]   → Счет 2294878624 (Pinkin)
2026-03-16 15:52:56.673 | INFO     | [scheduler]     ✓ Снимок сохранен (ID: 1641)
2026-03-16 15:52:56.673 | INFO     | [scheduler]   → Счет 2294881404 (Анти-мейнстрим Aggressive)
2026-03-16 15:52:56.809 | INFO     | [scheduler]     ✓ Снимок сохранен (ID: 1642)
2026-03-16 15:52:56.809 | INFO     | [scheduler]   → Счет 2310550801 (Активное инвестирование)
2026-03-16 15:52:57.001 | INFO     | [scheduler]     ✓ Снимок сохранен (ID: 1643)
2026-03-16 15:52:57.001 | INFO     | [scheduler]   → Счет 2310571252 (Стратегия роста РФ)
2026-03-16 15:52:57.199 | INFO     | [scheduler]     ✓ Снимок сохранен (ID: 1644)
2026-03-16 15:52:57.199 | INFO     | [scheduler]   → Счет 2311961700 (Народная Кубышка)
2026-03-16 15:52:57.348 | INFO     | [scheduler]     ✓ Снимок сохранен (ID: 1645)
2026-03-16 15:52:57.366 | INFO     | [scheduler] ✅ Работа завершена. Обновлено счетов: 6, снимков: 6
2026-03-16 15:52:57.366 | INFO     | [scheduler] ✅ Работа завершена за 1049ms
2026-03-16 15:52:57.366 | INFO     | [scheduler]    status: success
2026-03-16 15:52:57.366 | INFO     | [scheduler]    accounts_found: 6
2026-03-16 15:52:57.366 | INFO     | [scheduler]    portfolios_updated: 6
2026-03-16 15:52:57.366 | INFO     | [scheduler]    snapshots_saved: 6
2026-03-16 15:52:57.366 | INFO     | [scheduler]    refresh_interval_minutes: 1
2026-03-16 15:52:57.381 | INFO     | [scheduler] 📊 Итоги: всего=1, обработано=1, пропущено=0, ошибок=0
2026-03-16 15:52:57.381 | INFO     | [SCHEDULER] ✅ Цикл завершен: {'total': 1, 'processed': 1, 'skipped': 0, 'errors': []}
2026-03-16 15:53:57.396 | INFO     | [SCHEDULER] 🔄 Запуск цикла обновления
2026-03-16 15:53:57.408 | INFO     | [scheduler] 🔄 Найдено 1 токенов для обработки
2026-03-16 15:53:57.408 | INFO     | [scheduler] ▶️ Запуск робота v1.0.0
2026-03-16 15:53:57.408 | INFO     | [scheduler]    User ID: 1, Token ID: 15
2026-03-16 15:53:57.439 | INFO     | [scheduler]    Запись в БД: ID 270
2026-03-16 15:53:57.439 | INFO     | [scheduler] 🚀 Начало работы для токена 15
2026-03-16 15:53:57.453 | INFO     | [scheduler] Токен 15: прошло 1.0 мин, интервал 1 мин
2026-03-16 15:53:57.453 | INFO     | [scheduler] 🔌 Подключение к T-Invest API...
2026-03-16 15:53:57.453 | INFO     | [scheduler] 📋 Запрос списка счетов...
2026-03-16 15:53:57.498 | INFO     | [scheduler] 📊 Найдено счетов: 6
2026-03-16 15:53:57.498 | INFO     | [scheduler]   → Счет 2004129678 (Брокерский счёт)
2026-03-16 15:53:57.698 | INFO     | [scheduler]     ✓ Снимок сохранен (ID: 1646)
2026-03-16 15:53:57.698 | INFO     | [scheduler]   → Счет 2294878624 (Pinkin)
2026-03-16 15:53:57.840 | INFO     | [scheduler]     ✓ Снимок сохранен (ID: 1647)
2026-03-16 15:53:57.843 | INFO     | [scheduler]   → Счет 2294881404 (Анти-мейнстрим Aggressive)
2026-03-16 15:53:57.976 | INFO     | [scheduler]     ✓ Снимок сохранен (ID: 1648)
2026-03-16 15:53:57.976 | INFO     | [scheduler]   → Счет 2310550801 (Активное инвестирование)
2026-03-16 15:53:58.163 | INFO     | [scheduler]     ✓ Снимок сохранен (ID: 1649)
2026-03-16 15:53:58.163 | INFO     | [scheduler]   → Счет 2310571252 (Стратегия роста РФ)
2026-03-16 15:53:58.328 | INFO     | [scheduler]     ✓ Снимок сохранен (ID: 1650)
2026-03-16 15:53:58.328 | INFO     | [scheduler]   → Счет 2311961700 (Народная Кубышка)
2026-03-16 15:53:58.483 | INFO     | [scheduler]     ✓ Снимок сохранен (ID: 1651)
2026-03-16 15:53:58.503 | INFO     | [scheduler] ✅ Работа завершена. Обновлено счетов: 6, снимков: 6
2026-03-16 15:53:58.503 | INFO     | [scheduler] ✅ Работа завершена за 1095ms
2026-03-16 15:53:58.503 | INFO     | [scheduler]    status: success
2026-03-16 15:53:58.503 | INFO     | [scheduler]    accounts_found: 6
2026-03-16 15:53:58.503 | INFO     | [scheduler]    portfolios_updated: 6
2026-03-16 15:53:58.503 | INFO     | [scheduler]    snapshots_saved: 6
2026-03-16 15:53:58.503 | INFO     | [scheduler]    refresh_interval_minutes: 1
2026-03-16 15:53:58.518 | INFO     | [scheduler] 📊 Итоги: всего=1, обработано=1, пропущено=0, ошибок=0
2026-03-16 15:53:58.518 | INFO     | [SCHEDULER] ✅ Цикл завершен: {'total': 1, 'processed': 1, 'skipped': 0, 'errors': []}
2026-03-16 15:54:58.510 | INFO     | [SCHEDULER] 🔄 Запуск цикла обновления
2026-03-16 15:54:58.526 | INFO     | [scheduler] 🔄 Найдено 1 токенов для обработки
2026-03-16 15:54:58.526 | INFO     | [scheduler] ▶️ Запуск робота v1.0.0
2026-03-16 15:54:58.526 | INFO     | [scheduler]    User ID: 1, Token ID: 15
2026-03-16 15:54:58.553 | INFO     | [scheduler]    Запись в БД: ID 271
2026-03-16 15:54:58.556 | INFO     | [scheduler] 🚀 Начало работы для токена 15
2026-03-16 15:54:58.568 | INFO     | [scheduler] Токен 15: прошло 1.0 мин, интервал 1 мин
2026-03-16 15:54:58.568 | INFO     | [scheduler] 🔌 Подключение к T-Invest API...
2026-03-16 15:54:58.568 | INFO     | [scheduler] 📋 Запрос списка счетов...
2026-03-16 15:54:58.613 | INFO     | [scheduler] 📊 Найдено счетов: 6
2026-03-16 15:54:58.613 | INFO     | [scheduler]   → Счет 2004129678 (Брокерский счёт)
2026-03-16 15:54:58.838 | INFO     | [scheduler]     ✓ Снимок сохранен (ID: 1652)
2026-03-16 15:54:58.838 | INFO     | [scheduler]   → Счет 2294878624 (Pinkin)
2026-03-16 15:54:58.983 | INFO     | [scheduler]     ✓ Снимок сохранен (ID: 1653)
2026-03-16 15:54:58.983 | INFO     | [scheduler]   → Счет 2294881404 (Анти-мейнстрим Aggressive)
2026-03-16 15:54:59.132 | INFO     | [scheduler]     ✓ Снимок сохранен (ID: 1654)
2026-03-16 15:54:59.132 | INFO     | [scheduler]   → Счет 2310550801 (Активное инвестирование)
2026-03-16 15:54:59.374 | INFO     | [scheduler]     ✓ Снимок сохранен (ID: 1655)
2026-03-16 15:54:59.374 | INFO     | [scheduler]   → Счет 2310571252 (Стратегия роста РФ)
2026-03-16 15:54:59.566 | INFO     | [scheduler]     ✓ Снимок сохранен (ID: 1656)
2026-03-16 15:54:59.566 | INFO     | [scheduler]   → Счет 2311961700 (Народная Кубышка)
2026-03-16 15:54:59.725 | INFO     | [scheduler]     ✓ Снимок сохранен (ID: 1657)
2026-03-16 15:54:59.745 | INFO     | [scheduler] ✅ Работа завершена. Обновлено счетов: 6, снимков: 6
2026-03-16 15:54:59.745 | INFO     | [scheduler] ✅ Работа завершена за 1218ms
2026-03-16 15:54:59.745 | INFO     | [scheduler]    status: success
2026-03-16 15:54:59.745 | INFO     | [scheduler]    accounts_found: 6
2026-03-16 15:54:59.745 | INFO     | [scheduler]    portfolios_updated: 6
2026-03-16 15:54:59.745 | INFO     | [scheduler]    snapshots_saved: 6
2026-03-16 15:54:59.745 | INFO     | [scheduler]    refresh_interval_minutes: 1
2026-03-16 15:54:59.763 | INFO     | [scheduler] 📊 Итоги: всего=1, обработано=1, пропущено=0, ошибок=0
2026-03-16 15:54:59.763 | INFO     | [SCHEDULER] ✅ Цикл завершен: {'total': 1, 'processed': 1, 'skipped': 0, 'errors': []}
2026-03-16 15:55:59.771 | INFO     | [SCHEDULER] 🔄 Запуск цикла обновления
2026-03-16 15:55:59.783 | INFO     | [scheduler] 🔄 Найдено 1 токенов для обработки
2026-03-16 15:55:59.783 | INFO     | [scheduler] ▶️ Запуск робота v1.0.0
2026-03-16 15:55:59.783 | INFO     | [scheduler]    User ID: 1, Token ID: 15
2026-03-16 15:55:59.808 | INFO     | [scheduler]    Запись в БД: ID 272
2026-03-16 15:55:59.808 | INFO     | [scheduler] 🚀 Начало работы для токена 15
2026-03-16 15:55:59.823 | INFO     | [scheduler] Токен 15: прошло 1.0 мин, интервал 1 мин
2026-03-16 15:55:59.823 | INFO     | [scheduler] 🔌 Подключение к T-Invest API...
2026-03-16 15:55:59.823 | INFO     | [scheduler] 📋 Запрос списка счетов...
2026-03-16 15:55:59.864 | INFO     | [scheduler] 📊 Найдено счетов: 6
2026-03-16 15:55:59.864 | INFO     | [scheduler]   → Счет 2004129678 (Брокерский счёт)
2026-03-16 15:56:00.056 | INFO     | [scheduler]     ✓ Снимок сохранен (ID: 1658)
2026-03-16 15:56:00.057 | INFO     | [scheduler]   → Счет 2294878624 (Pinkin)
2026-03-16 15:56:00.345 | INFO     | [scheduler]     ✓ Снимок сохранен (ID: 1659)
2026-03-16 15:56:00.345 | INFO     | [scheduler]   → Счет 2294881404 (Анти-мейнстрим Aggressive)
2026-03-16 15:56:00.492 | INFO     | [scheduler]     ✓ Снимок сохранен (ID: 1660)
2026-03-16 15:56:00.492 | INFO     | [scheduler]   → Счет 2310550801 (Активное инвестирование)
2026-03-16 15:56:00.684 | INFO     | [scheduler]     ✓ Снимок сохранен (ID: 1661)
2026-03-16 15:56:00.684 | INFO     | [scheduler]   → Счет 2310571252 (Стратегия роста РФ)
2026-03-16 15:56:00.880 | INFO     | [scheduler]     ✓ Снимок сохранен (ID: 1662)
2026-03-16 15:56:00.880 | INFO     | [scheduler]   → Счет 2311961700 (Народная Кубышка)
2026-03-16 15:56:01.047 | INFO     | [scheduler]     ✓ Снимок сохранен (ID: 1663)
2026-03-16 15:56:01.065 | INFO     | [scheduler] ✅ Работа завершена. Обновлено счетов: 6, снимков: 6
2026-03-16 15:56:01.065 | INFO     | [scheduler] ✅ Работа завершена за 1282ms
2026-03-16 15:56:01.065 | INFO     | [scheduler]    status: success
2026-03-16 15:56:01.065 | INFO     | [scheduler]    accounts_found: 6
2026-03-16 15:56:01.065 | INFO     | [scheduler]    portfolios_updated: 6
2026-03-16 15:56:01.065 | INFO     | [scheduler]    snapshots_saved: 6
2026-03-16 15:56:01.067 | INFO     | [scheduler]    refresh_interval_minutes: 1
2026-03-16 15:56:01.093 | INFO     | [scheduler] 📊 Итоги: всего=1, обработано=1, пропущено=0, ошибок=0
2026-03-16 15:56:01.093 | INFO     | [SCHEDULER] ✅ Цикл завершен: {'total': 1, 'processed': 1, 'skipped': 0, 'errors': []}
2026-03-16 15:57:01.092 | INFO     | [SCHEDULER] 🔄 Запуск цикла обновления
2026-03-16 15:57:01.103 | INFO     | [scheduler] 🔄 Найдено 1 токенов для обработки
2026-03-16 15:57:01.103 | INFO     | [scheduler] ▶️ Запуск робота v1.0.0
2026-03-16 15:57:01.103 | INFO     | [scheduler]    User ID: 1, Token ID: 15
2026-03-16 15:57:01.127 | INFO     | [scheduler]    Запись в БД: ID 273
2026-03-16 15:57:01.128 | INFO     | [scheduler] 🚀 Начало работы для токена 15
2026-03-16 15:57:01.136 | INFO     | [scheduler] Токен 15: прошло 1.0 мин, интервал 1 мин
2026-03-16 15:57:01.136 | INFO     | [scheduler] 🔌 Подключение к T-Invest API...
2026-03-16 15:57:01.136 | INFO     | [scheduler] 📋 Запрос списка счетов...
2026-03-16 15:57:01.185 | INFO     | [scheduler] 📊 Найдено счетов: 6
2026-03-16 15:57:01.185 | INFO     | [scheduler]   → Счет 2004129678 (Брокерский счёт)
2026-03-16 15:57:01.356 | INFO     | [scheduler]     ✓ Снимок сохранен (ID: 1664)
2026-03-16 15:57:01.356 | INFO     | [scheduler]   → Счет 2294878624 (Pinkin)
2026-03-16 15:57:01.492 | INFO     | [scheduler]     ✓ Снимок сохранен (ID: 1665)
2026-03-16 15:57:01.493 | INFO     | [scheduler]   → Счет 2294881404 (Анти-мейнстрим Aggressive)
2026-03-16 15:57:01.629 | INFO     | [scheduler]     ✓ Снимок сохранен (ID: 1666)
2026-03-16 15:57:01.629 | INFO     | [scheduler]   → Счет 2310550801 (Активное инвестирование)
2026-03-16 15:57:01.838 | INFO     | [scheduler]     ✓ Снимок сохранен (ID: 1667)
2026-03-16 15:57:01.839 | INFO     | [scheduler]   → Счет 2310571252 (Стратегия роста РФ)
2026-03-16 15:57:02.022 | INFO     | [scheduler]     ✓ Снимок сохранен (ID: 1668)
2026-03-16 15:57:02.022 | INFO     | [scheduler]   → Счет 2311961700 (Народная Кубышка)
2026-03-16 15:57:02.182 | INFO     | [scheduler]     ✓ Снимок сохранен (ID: 1669)
2026-03-16 15:57:02.203 | INFO     | [scheduler] ✅ Работа завершена. Обновлено счетов: 6, снимков: 6
2026-03-16 15:57:02.203 | INFO     | [scheduler] ✅ Работа завершена за 1099ms
2026-03-16 15:57:02.203 | INFO     | [scheduler]    status: success
2026-03-16 15:57:02.203 | INFO     | [scheduler]    accounts_found: 6
2026-03-16 15:57:02.203 | INFO     | [scheduler]    portfolios_updated: 6
2026-03-16 15:57:02.203 | INFO     | [scheduler]    snapshots_saved: 6
2026-03-16 15:57:02.203 | INFO     | [scheduler]    refresh_interval_minutes: 1
2026-03-16 15:57:02.220 | INFO     | [scheduler] 📊 Итоги: всего=1, обработано=1, пропущено=0, ошибок=0
2026-03-16 15:57:02.223 | INFO     | [SCHEDULER] ✅ Цикл завершен: {'total': 1, 'processed': 1, 'skipped': 0, 'errors': []}
2026-03-16 15:58:02.236 | INFO     | [SCHEDULER] 🔄 Запуск цикла обновления
2026-03-16 15:58:02.243 | INFO     | [scheduler] 🔄 Найдено 1 токенов для обработки
2026-03-16 15:58:02.243 | INFO     | [scheduler] ▶️ Запуск робота v1.0.0
2026-03-16 15:58:02.243 | INFO     | [scheduler]    User ID: 1, Token ID: 15
2026-03-16 15:58:02.287 | INFO     | [scheduler]    Запись в БД: ID 274
2026-03-16 15:58:02.287 | INFO     | [scheduler] 🚀 Начало работы для токена 15
2026-03-16 15:58:02.303 | INFO     | [scheduler] Токен 15: прошло 1.0 мин, интервал 1 мин
2026-03-16 15:58:02.303 | INFO     | [scheduler] 🔌 Подключение к T-Invest API...
2026-03-16 15:58:02.303 | INFO     | [scheduler] 📋 Запрос списка счетов...
2026-03-16 15:58:02.335 | INFO     | [scheduler] 📊 Найдено счетов: 6
2026-03-16 15:58:02.335 | INFO     | [scheduler]   → Счет 2004129678 (Брокерский счёт)
2026-03-16 15:58:02.485 | INFO     | [scheduler]     ✓ Снимок сохранен (ID: 1670)
2026-03-16 15:58:02.485 | INFO     | [scheduler]   → Счет 2294878624 (Pinkin)
2026-03-16 15:58:02.637 | INFO     | [scheduler]     ✓ Снимок сохранен (ID: 1671)
2026-03-16 15:58:02.637 | INFO     | [scheduler]   → Счет 2294881404 (Анти-мейнстрим Aggressive)
2026-03-16 15:58:02.853 | INFO     | [scheduler]     ✓ Снимок сохранен (ID: 1672)
2026-03-16 15:58:02.853 | INFO     | [scheduler]   → Счет 2310550801 (Активное инвестирование)
2026-03-16 15:58:03.081 | INFO     | [scheduler]     ✓ Снимок сохранен (ID: 1673)
2026-03-16 15:58:03.081 | INFO     | [scheduler]   → Счет 2310571252 (Стратегия роста РФ)
2026-03-16 15:58:03.273 | INFO     | [scheduler]     ✓ Снимок сохранен (ID: 1674)
2026-03-16 15:58:03.273 | INFO     | [scheduler]   → Счет 2311961700 (Народная Кубышка)
2026-03-16 15:58:03.553 | INFO     | [scheduler]     ✓ Снимок сохранен (ID: 1675)
2026-03-16 15:58:03.583 | INFO     | [scheduler] ✅ Работа завершена. Обновлено счетов: 6, снимков: 6
2026-03-16 15:58:03.583 | INFO     | [scheduler] ✅ Работа завершена за 1339ms
2026-03-16 15:58:03.583 | INFO     | [scheduler]    status: success
2026-03-16 15:58:03.583 | INFO     | [scheduler]    accounts_found: 6
2026-03-16 15:58:03.583 | INFO     | [scheduler]    portfolios_updated: 6
2026-03-16 15:58:03.583 | INFO     | [scheduler]    snapshots_saved: 6
2026-03-16 15:58:03.583 | INFO     | [scheduler]    refresh_interval_minutes: 1
2026-03-16 15:58:03.602 | INFO     | [scheduler] 📊 Итоги: всего=1, обработано=1, пропущено=0, ошибок=0
2026-03-16 15:58:03.602 | INFO     | [SCHEDULER] ✅ Цикл завершен: {'total': 1, 'processed': 1, 'skipped': 0, 'errors': []}
2026-03-16 15:59:03.604 | INFO     | [SCHEDULER] 🔄 Запуск цикла обновления
2026-03-16 15:59:03.615 | INFO     | [scheduler] 🔄 Найдено 1 токенов для обработки
2026-03-16 15:59:03.615 | INFO     | [scheduler] ▶️ Запуск робота v1.0.0
2026-03-16 15:59:03.620 | INFO     | [scheduler]    User ID: 1, Token ID: 15
2026-03-16 15:59:03.650 | INFO     | [scheduler]    Запись в БД: ID 275
2026-03-16 15:59:03.650 | INFO     | [scheduler] 🚀 Начало работы для токена 15
2026-03-16 15:59:03.663 | INFO     | [scheduler] Токен 15: прошло 1.0 мин, интервал 1 мин
2026-03-16 15:59:03.663 | INFO     | [scheduler] 🔌 Подключение к T-Invest API...
2026-03-16 15:59:03.663 | INFO     | [scheduler] 📋 Запрос списка счетов...
2026-03-16 15:59:03.705 | INFO     | [scheduler] 📊 Найдено счетов: 6
2026-03-16 15:59:03.705 | INFO     | [scheduler]   → Счет 2004129678 (Брокерский счёт)
2026-03-16 15:59:03.917 | INFO     | [scheduler]     ✓ Снимок сохранен (ID: 1676)
2026-03-16 15:59:03.917 | INFO     | [scheduler]   → Счет 2294878624 (Pinkin)
2026-03-16 15:59:04.051 | INFO     | [scheduler]     ✓ Снимок сохранен (ID: 1677)
2026-03-16 15:59:04.051 | INFO     | [scheduler]   → Счет 2294881404 (Анти-мейнстрим Aggressive)
2026-03-16 15:59:04.179 | INFO     | [scheduler]     ✓ Снимок сохранен (ID: 1678)
2026-03-16 15:59:04.179 | INFO     | [scheduler]   → Счет 2310550801 (Активное инвестирование)
2026-03-16 15:59:04.404 | INFO     | [scheduler]     ✓ Снимок сохранен (ID: 1679)
2026-03-16 15:59:04.404 | INFO     | [scheduler]   → Счет 2310571252 (Стратегия роста РФ)
2026-03-16 15:59:04.578 | INFO     | [scheduler]     ✓ Снимок сохранен (ID: 1680)
2026-03-16 15:59:04.578 | INFO     | [scheduler]   → Счет 2311961700 (Народная Кубышка)
2026-03-16 15:59:04.753 | INFO     | [scheduler]     ✓ Снимок сохранен (ID: 1681)
2026-03-16 15:59:04.771 | INFO     | [scheduler] ✅ Работа завершена. Обновлено счетов: 6, снимков: 6
2026-03-16 15:59:04.771 | INFO     | [scheduler] ✅ Работа завершена за 1156ms
2026-03-16 15:59:04.771 | INFO     | [scheduler]    status: success
2026-03-16 15:59:04.772 | INFO     | [scheduler]    accounts_found: 6
2026-03-16 15:59:04.772 | INFO     | [scheduler]    portfolios_updated: 6
2026-03-16 15:59:04.772 | INFO     | [scheduler]    snapshots_saved: 6
2026-03-16 15:59:04.772 | INFO     | [scheduler]    refresh_interval_minutes: 1
2026-03-16 15:59:04.812 | INFO     | [scheduler] 📊 Итоги: всего=1, обработано=1, пропущено=0, ошибок=0
2026-03-16 15:59:04.812 | INFO     | [SCHEDULER] ✅ Цикл завершен: {'total': 1, 'processed': 1, 'skipped': 0, 'errors': []}
2026-03-16 16:00:04.821 | INFO     | [SCHEDULER] 🔄 Запуск цикла обновления
2026-03-16 16:00:04.840 | INFO     | [scheduler] 🔄 Найдено 1 токенов для обработки
2026-03-16 16:00:04.840 | INFO     | [scheduler] ▶️ Запуск робота v1.0.0
2026-03-16 16:00:04.840 | INFO     | [scheduler]    User ID: 1, Token ID: 15
2026-03-16 16:00:04.858 | INFO     | [scheduler]    Запись в БД: ID 276
2026-03-16 16:00:04.858 | INFO     | [scheduler] 🚀 Начало работы для токена 15
2026-03-16 16:00:04.872 | INFO     | [scheduler] Токен 15: прошло 1.0 мин, интервал 1 мин
2026-03-16 16:00:04.872 | INFO     | [scheduler] 🔌 Подключение к T-Invest API...
2026-03-16 16:00:04.872 | INFO     | [scheduler] 📋 Запрос списка счетов...
2026-03-16 16:00:04.929 | INFO     | [scheduler] 📊 Найдено счетов: 6
2026-03-16 16:00:04.929 | INFO     | [scheduler]   → Счет 2004129678 (Брокерский счёт)
2026-03-16 16:00:05.116 | INFO     | [scheduler]     ✓ Снимок сохранен (ID: 1682)
2026-03-16 16:00:05.116 | INFO     | [scheduler]   → Счет 2294878624 (Pinkin)
2026-03-16 16:00:05.291 | INFO     | [scheduler]     ✓ Снимок сохранен (ID: 1683)
2026-03-16 16:00:05.291 | INFO     | [scheduler]   → Счет 2294881404 (Анти-мейнстрим Aggressive)
2026-03-16 16:00:05.464 | INFO     | [scheduler]     ✓ Снимок сохранен (ID: 1684)
2026-03-16 16:00:05.464 | INFO     | [scheduler]   → Счет 2310550801 (Активное инвестирование)
2026-03-16 16:00:05.685 | INFO     | [scheduler]     ✓ Снимок сохранен (ID: 1685)
2026-03-16 16:00:05.685 | INFO     | [scheduler]   → Счет 2310571252 (Стратегия роста РФ)
2026-03-16 16:00:05.880 | INFO     | [scheduler]     ✓ Снимок сохранен (ID: 1686)
2026-03-16 16:00:05.880 | INFO     | [scheduler]   → Счет 2311961700 (Народная Кубышка)
2026-03-16 16:00:06.061 | INFO     | [scheduler]     ✓ Снимок сохранен (ID: 1687)
2026-03-16 16:00:06.078 | INFO     | [scheduler] ✅ Работа завершена. Обновлено счетов: 6, снимков: 6
2026-03-16 16:00:06.078 | INFO     | [scheduler] ✅ Работа завершена за 1237ms
2026-03-16 16:00:06.078 | INFO     | [scheduler]    status: success
2026-03-16 16:00:06.078 | INFO     | [scheduler]    accounts_found: 6
2026-03-16 16:00:06.078 | INFO     | [scheduler]    portfolios_updated: 6
2026-03-16 16:00:06.078 | INFO     | [scheduler]    snapshots_saved: 6
2026-03-16 16:00:06.078 | INFO     | [scheduler]    refresh_interval_minutes: 1
2026-03-16 16:00:06.096 | INFO     | [scheduler] 📊 Итоги: всего=1, обработано=1, пропущено=0, ошибок=0
2026-03-16 16:00:06.096 | INFO     | [SCHEDULER] ✅ Цикл завершен: {'total': 1, 'processed': 1, 'skipped': 0, 'errors': []}
2026-03-16 16:01:06.097 | INFO     | [SCHEDULER] 🔄 Запуск цикла обновления
2026-03-16 16:01:06.114 | INFO     | [scheduler] 🔄 Найдено 1 токенов для обработки
2026-03-16 16:01:06.115 | INFO     | [scheduler] ▶️ Запуск робота v1.0.0
2026-03-16 16:01:06.115 | INFO     | [scheduler]    User ID: 1, Token ID: 15
2026-03-16 16:01:06.133 | INFO     | [scheduler]    Запись в БД: ID 277
2026-03-16 16:01:06.133 | INFO     | [scheduler] 🚀 Начало работы для токена 15
2026-03-16 16:01:06.147 | INFO     | [scheduler] Токен 15: прошло 1.0 мин, интервал 1 мин
2026-03-16 16:01:06.147 | INFO     | [scheduler] 🔌 Подключение к T-Invest API...
2026-03-16 16:01:06.147 | INFO     | [scheduler] 📋 Запрос списка счетов...
2026-03-16 16:01:06.188 | INFO     | [scheduler] 📊 Найдено счетов: 6
2026-03-16 16:01:06.188 | INFO     | [scheduler]   → Счет 2004129678 (Брокерский счёт)
2026-03-16 16:01:06.332 | INFO     | [scheduler]     ✓ Снимок сохранен (ID: 1688)
2026-03-16 16:01:06.332 | INFO     | [scheduler]   → Счет 2294878624 (Pinkin)
2026-03-16 16:01:06.477 | INFO     | [scheduler]     ✓ Снимок сохранен (ID: 1689)
2026-03-16 16:01:06.477 | INFO     | [scheduler]   → Счет 2294881404 (Анти-мейнстрим Aggressive)
2026-03-16 16:01:06.705 | INFO     | [scheduler]     ✓ Снимок сохранен (ID: 1690)
2026-03-16 16:01:06.705 | INFO     | [scheduler]   → Счет 2310550801 (Активное инвестирование)
2026-03-16 16:01:06.944 | INFO     | [scheduler]     ✓ Снимок сохранен (ID: 1691)
2026-03-16 16:01:06.944 | INFO     | [scheduler]   → Счет 2310571252 (Стратегия роста РФ)
2026-03-16 16:01:07.133 | INFO     | [scheduler]     ✓ Снимок сохранен (ID: 1692)
2026-03-16 16:01:07.133 | INFO     | [scheduler]   → Счет 2311961700 (Народная Кубышка)
2026-03-16 16:01:07.290 | INFO     | [scheduler]     ✓ Снимок сохранен (ID: 1693)
2026-03-16 16:01:07.312 | INFO     | [scheduler] ✅ Работа завершена. Обновлено счетов: 6, снимков: 6
2026-03-16 16:01:07.312 | INFO     | [scheduler] ✅ Работа завершена за 1196ms
2026-03-16 16:01:07.313 | INFO     | [scheduler]    status: success
2026-03-16 16:01:07.313 | INFO     | [scheduler]    accounts_found: 6
2026-03-16 16:01:07.313 | INFO     | [scheduler]    portfolios_updated: 6
2026-03-16 16:01:07.313 | INFO     | [scheduler]    snapshots_saved: 6
2026-03-16 16:01:07.313 | INFO     | [scheduler]    refresh_interval_minutes: 1
2026-03-16 16:01:07.332 | INFO     | [scheduler] 📊 Итоги: всего=1, обработано=1, пропущено=0, ошибок=0
2026-03-16 16:01:07.332 | INFO     | [SCHEDULER] ✅ Цикл завершен: {'total': 1, 'processed': 1, 'skipped': 0, 'errors': []}
2026-03-16 16:02:07.332 | INFO     | [SCHEDULER] 🔄 Запуск цикла обновления
2026-03-16 16:02:07.382 | INFO     | [scheduler] 🔄 Найдено 1 токенов для обработки
2026-03-16 16:02:07.382 | INFO     | [scheduler] ▶️ Запуск робота v1.0.0
2026-03-16 16:02:07.382 | INFO     | [scheduler]    User ID: 1, Token ID: 15
2026-03-16 16:02:07.410 | INFO     | [scheduler]    Запись в БД: ID 278
2026-03-16 16:02:07.410 | INFO     | [scheduler] 🚀 Начало работы для токена 15
2026-03-16 16:02:07.436 | INFO     | [scheduler] Токен 15: прошло 1.0 мин, интервал 1 мин
2026-03-16 16:02:07.436 | INFO     | [scheduler] 🔌 Подключение к T-Invest API...
2026-03-16 16:02:07.436 | INFO     | [scheduler] 📋 Запрос списка счетов...
2026-03-16 16:02:07.481 | INFO     | [scheduler] 📊 Найдено счетов: 6
2026-03-16 16:02:07.482 | INFO     | [scheduler]   → Счет 2004129678 (Брокерский счёт)
2026-03-16 16:02:07.772 | INFO     | [scheduler]     ✓ Снимок сохранен (ID: 1694)
2026-03-16 16:02:07.772 | INFO     | [scheduler]   → Счет 2294878624 (Pinkin)
2026-03-16 16:02:08.056 | INFO     | [scheduler]     ✓ Снимок сохранен (ID: 1695)
2026-03-16 16:02:08.056 | INFO     | [scheduler]   → Счет 2294881404 (Анти-мейнстрим Aggressive)
2026-03-16 16:02:08.219 | INFO     | [scheduler]     ✓ Снимок сохранен (ID: 1696)
2026-03-16 16:02:08.219 | INFO     | [scheduler]   → Счет 2310550801 (Активное инвестирование)
2026-03-16 16:02:08.569 | INFO     | [scheduler]     ✓ Снимок сохранен (ID: 1697)
2026-03-16 16:02:08.569 | INFO     | [scheduler]   → Счет 2310571252 (Стратегия роста РФ)
2026-03-16 16:02:08.735 | INFO     | [scheduler]     ✓ Снимок сохранен (ID: 1698)
2026-03-16 16:02:08.736 | INFO     | [scheduler]   → Счет 2311961700 (Народная Кубышка)
2026-03-16 16:02:08.919 | INFO     | [scheduler]     ✓ Снимок сохранен (ID: 1699)
2026-03-16 16:02:08.932 | INFO     | [scheduler] ✅ Работа завершена. Обновлено счетов: 6, снимков: 6
2026-03-16 16:02:08.932 | INFO     | [scheduler] ✅ Работа завершена за 1550ms
2026-03-16 16:02:08.932 | INFO     | [scheduler]    status: success
2026-03-16 16:02:08.932 | INFO     | [scheduler]    accounts_found: 6
2026-03-16 16:02:08.932 | INFO     | [scheduler]    portfolios_updated: 6
2026-03-16 16:02:08.932 | INFO     | [scheduler]    snapshots_saved: 6
2026-03-16 16:02:08.932 | INFO     | [scheduler]    refresh_interval_minutes: 1
2026-03-16 16:02:08.944 | INFO     | [scheduler] 📊 Итоги: всего=1, обработано=1, пропущено=0, ошибок=0
2026-03-16 16:02:08.944 | INFO     | [SCHEDULER] ✅ Цикл завершен: {'total': 1, 'processed': 1, 'skipped': 0, 'errors': []}
2026-03-16 16:03:08.960 | INFO     | [SCHEDULER] 🔄 Запуск цикла обновления
2026-03-16 16:03:08.982 | INFO     | [scheduler] 🔄 Найдено 1 токенов для обработки
2026-03-16 16:03:08.982 | INFO     | [scheduler] ▶️ Запуск робота v1.0.0
2026-03-16 16:03:08.982 | INFO     | [scheduler]    User ID: 1, Token ID: 15
2026-03-16 16:03:09.013 | INFO     | [scheduler]    Запись в БД: ID 279
2026-03-16 16:03:09.013 | INFO     | [scheduler] 🚀 Начало работы для токена 15
2026-03-16 16:03:09.025 | INFO     | [scheduler] Токен 15: прошло 1.0 мин, интервал 1 мин
2026-03-16 16:03:09.025 | INFO     | [scheduler] 🔌 Подключение к T-Invest API...
2026-03-16 16:03:09.025 | INFO     | [scheduler] 📋 Запрос списка счетов...
2026-03-16 16:03:09.074 | INFO     | [scheduler] 📊 Найдено счетов: 6
2026-03-16 16:03:09.074 | INFO     | [scheduler]   → Счет 2004129678 (Брокерский счёт)
2026-03-16 16:03:09.238 | INFO     | [scheduler]     ✓ Снимок сохранен (ID: 1700)
2026-03-16 16:03:09.238 | INFO     | [scheduler]   → Счет 2294878624 (Pinkin)
2026-03-16 16:03:09.393 | INFO     | [scheduler]     ✓ Снимок сохранен (ID: 1701)
2026-03-16 16:03:09.393 | INFO     | [scheduler]   → Счет 2294881404 (Анти-мейнстрим Aggressive)
2026-03-16 16:03:09.534 | INFO     | [scheduler]     ✓ Снимок сохранен (ID: 1702)
2026-03-16 16:03:09.535 | INFO     | [scheduler]   → Счет 2310550801 (Активное инвестирование)
2026-03-16 16:03:09.737 | INFO     | [scheduler]     ✓ Снимок сохранен (ID: 1703)
2026-03-16 16:03:09.737 | INFO     | [scheduler]   → Счет 2310571252 (Стратегия роста РФ)
2026-03-16 16:03:09.907 | INFO     | [scheduler]     ✓ Снимок сохранен (ID: 1704)
2026-03-16 16:03:09.907 | INFO     | [scheduler]   → Счет 2311961700 (Народная Кубышка)
2026-03-16 16:03:10.054 | INFO     | [scheduler]     ✓ Снимок сохранен (ID: 1705)
2026-03-16 16:03:10.078 | INFO     | [scheduler] ✅ Работа завершена. Обновлено счетов: 6, снимков: 6
2026-03-16 16:03:10.078 | INFO     | [scheduler] ✅ Работа завершена за 1095ms
2026-03-16 16:03:10.078 | INFO     | [scheduler]    status: success
2026-03-16 16:03:10.078 | INFO     | [scheduler]    accounts_found: 6
2026-03-16 16:03:10.078 | INFO     | [scheduler]    portfolios_updated: 6
2026-03-16 16:03:10.078 | INFO     | [scheduler]    snapshots_saved: 6
2026-03-16 16:03:10.078 | INFO     | [scheduler]    refresh_interval_minutes: 1
2026-03-16 16:03:10.093 | INFO     | [scheduler] 📊 Итоги: всего=1, обработано=1, пропущено=0, ошибок=0
2026-03-16 16:03:10.093 | INFO     | [SCHEDULER] ✅ Цикл завершен: {'total': 1, 'processed': 1, 'skipped': 0, 'errors': []}
