2026-03-16 14:50:01.377 | INFO     | ================================================================================
2026-03-16 14:50:01.377 | INFO     | ЛОГ РОБОТА: portfolio_updater_token15 (ID: 15)
2026-03-16 14:50:01.377 | INFO     | НОВАЯ СЕССИЯ: 2026-03-16 14:50:01
2026-03-16 14:50:01.377 | INFO     | ================================================================================
2026-03-16 14:50:01.377 | INFO     | ▶️ ==================================================
2026-03-16 14:50:01.377 | INFO     | ▶️ ЗАПУСК: Запуск робота 'portfolio_updater' v1.0.0 для токена 15
2026-03-16 14:50:01.377 | INFO     | ▶️ ==================================================
2026-03-16 14:50:01.377 | INFO     | ℹ️ User ID: 1
2026-03-16 14:50:01.377 | INFO     | 
2026-03-16 14:50:01.435 | INFO     | ℹ️ Создана запись в БД: ID 260
2026-03-16 14:50:01.435 | INFO     | 🔄 Начало выполнения работы...
2026-03-16 14:50:01.435 | INFO     | 
2026-03-16 14:50:01.435 | INFO     | 🔄 Начало обработки токена 15 для пользователя 1
2026-03-16 14:50:01.445 | INFO     | ℹ️ Токен 15: прошло 37.5 мин (интервал: 1 мин) - требуется обновление
2026-03-16 14:50:01.445 | INFO     | 🔄 Проверка активности токена...
2026-03-16 14:50:01.445 | INFO     | 🔄 Создание клиента T-Invest API...
2026-03-16 14:50:01.445 | INFO     | 🔄 Запрос списка счетов...
2026-03-16 14:50:01.557 | INFO     | ℹ️ Найдено счетов: 6
2026-03-16 14:50:01.557 | INFO     | 🔄   Счет 1: Брокерский счёт (2004129678)
2026-03-16 14:50:01.557 | INFO     | 🔄   Счет 2: Pinkin (2294878624)
2026-03-16 14:50:01.557 | INFO     | 🔄   Счет 3: Анти-мейнстрим Aggressive (2294881404)
2026-03-16 14:50:01.557 | INFO     | 🔄   Счет 4: Активное инвестирование (2310550801)
2026-03-16 14:50:01.557 | INFO     | 🔄   Счет 5: Стратегия роста РФ (2310571252)
2026-03-16 14:50:01.557 | INFO     | 🔄   Счет 6: Народная Кубышка (2311961700)
2026-03-16 14:50:01.557 | INFO     | 
2026-03-16 14:50:01.557 | INFO     | 🔄 Обновление портфелей по счетам:
2026-03-16 14:50:01.557 | INFO     | 🔄   [1/6] Обработка счета 2004129678...
2026-03-16 14:50:01.940 | INFO     | 🔄     ✓ Данные портфеля получены
2026-03-16 14:50:02.030 | INFO     | 🔄     ✓ Снимок сохранен (ID: 1586)
2026-03-16 14:50:02.030 | INFO     | 🔄   [2/6] Обработка счета 2294878624...
2026-03-16 14:50:02.195 | INFO     | 🔄     ✓ Данные портфеля получены
2026-03-16 14:50:02.265 | INFO     | 🔄     ✓ Снимок сохранен (ID: 1587)
2026-03-16 14:50:02.265 | INFO     | 🔄   [3/6] Обработка счета 2294881404...
2026-03-16 14:50:02.385 | INFO     | 🔄     ✓ Данные портфеля получены
2026-03-16 14:50:02.467 | INFO     | 🔄     ✓ Снимок сохранен (ID: 1588)
2026-03-16 14:50:02.467 | INFO     | 🔄   [4/6] Обработка счета 2310550801...
2026-03-16 14:50:02.645 | INFO     | 🔄     ✓ Данные портфеля получены
2026-03-16 14:50:02.775 | INFO     | 🔄     ✓ Снимок сохранен (ID: 1589)
2026-03-16 14:50:02.775 | INFO     | 🔄   [5/6] Обработка счета 2310571252...
2026-03-16 14:50:02.885 | INFO     | 🔄     ✓ Данные портфеля получены
2026-03-16 14:50:02.967 | INFO     | 🔄     ✓ Снимок сохранен (ID: 1590)
2026-03-16 14:50:02.967 | INFO     | 🔄   [6/6] Обработка счета 2311961700...
2026-03-16 14:50:03.080 | INFO     | 🔄     ✓ Данные портфеля получены
2026-03-16 14:50:03.168 | INFO     | 🔄     ✓ Снимок сохранен (ID: 1591)
2026-03-16 14:50:03.168 | INFO     | 
2026-03-16 14:50:03.168 | INFO     | 🔄 Обновление времени последнего использования токена...
2026-03-16 14:50:03.185 | INFO     | ℹ️ Обновлено время last_used для токена 15
2026-03-16 14:50:03.188 | INFO     | 
2026-03-16 14:50:03.188 | INFO     | 🔄 ИТОГИ:
2026-03-16 14:50:03.188 | INFO     | 🔄   - Обработано счетов: 6
2026-03-16 14:50:03.188 | INFO     | 🔄   - Сохранено снимков: 6
2026-03-16 14:50:03.188 | INFO     | 
2026-03-16 14:50:03.188 | INFO     | 🔄 Работа завершена за 1811ms
2026-03-16 14:50:03.188 | INFO     | 📊 Найдено 6 счетов
2026-03-16 14:50:03.188 | INFO     | 📊 Найдено 6 снимков сохранено
2026-03-16 14:50:03.205 | INFO     | ⏹️ --------------------------------------------------
2026-03-16 14:50:03.205 | INFO     | ⏹️ ЗАВЕРШЕНИЕ [✅ УСПЕШНО]: Робот успешно завершил работу
2026-03-16 14:50:03.205 | INFO     | ⏹️ --------------------------------------------------
